// Jest Snapshot v1, https://goo.gl/fbAQLP

exports[`Shpe page Shpe page expect to render shop page 1`] = `
<div
  className="shop-page"
>
  <Route
    component={
      Object {
        "$$typeof": Symbol(react.memo),
        "WrappedComponent": [Function],
        "compare": null,
        "displayName": "Connect(spinner)",
        "type": [Function],
      }
    }
    exact={true}
    path=""
  />
  <Route
    component={
      Object {
        "$$typeof": Symbol(react.memo),
        "WrappedComponent": [Function],
        "compare": null,
        "displayName": "Connect(spinner)",
        "type": [Function],
      }
    }
    path="/:collectionId"
  />
</div>
`;
