// Jest Snapshot v1, https://goo.gl/fbAQLP

exports[`Should render Collection component 1`] = `
<div
  className="collection-page"
>
  <h2
    className="title"
  >
    hats
  </h2>
  <div
    className="items"
  >
    <CollectionItem
      item={
        Object {
          "id": 2,
          "imageUrl": "url",
          "name": "name1",
          "price": "250",
          "quantity": 2,
        }
      }
      key="2"
    />
  </div>
</div>
`;
