// Jest Snapshot v1, https://goo.gl/fbAQLP

exports[`expect to cart icon component 1`] = `
<div
  className="cart-icon"
  id="cart-icon"
  onClick={[MockFunction]}
>
  <ForwardRef(SvgShoppingBagSvg)
    className="shopping-icon"
  />
  <span
    className="item-count"
  >
     
    3
     
  </span>
</div>
`;
